[2026-03-19 13:43:18,015][alpasim_wizard][INFO] - Scenes: 
shape: (1, 2)
┌─────────────────────────────────┬────────────────────┐
│ scene_id                        ┆ nre_version_string │
│ ---                             ┆ ---                │
│ str                             ┆ str                │
╞═════════════════════════════════╪════════════════════╡
│ clipgt-05bb8212-63e1-40a8-b4fc… ┆ 25.7.9-e633dd23    │
└─────────────────────────────────┴────────────────────┘
[2026-03-19 13:43:18,017][alpasim_wizard][INFO] - Created sceneset directory at /workspace/vla-test/alpasim/data/nre-artifacts/scenesets/2ecd7b86f6a864127b8bbecbff539872
[2026-03-19 13:43:18,021][alpasim_wizard.context][INFO] - Relative sceneset path: scenesets/2ecd7b86f6a864127b8bbecbff539872
[2026-03-19 13:43:18,097][alpasim_wizard.services][INFO] - Built 4 simulation containers
[2026-03-19 13:43:18,097][alpasim_wizard.services][INFO] - Built 0 evaluation containers
[2026-03-19 13:43:18,097][alpasim_wizard.services][INFO] - Built 0 aggregation containers
[2026-03-19 13:43:18,108][alpasim_wizard.deployment.docker_compose][INFO] - Writing docker compose YAML to /workspace/vla-test/alpasim/tutorial/tutorial/docker-compose.yaml
[2026-03-19 13:43:18,114][alpasim_wizard.deployment.docker_compose][INFO] - Skipping evaluation phase (no eval services configured)
[2026-03-19 13:43:18,114][alpasim_wizard.deployment.docker_compose][INFO] - Skipping aggregation phase (no aggregation services configured)
[2026-03-19 13:43:18,115][alpasim_wizard.deployment.docker_compose][INFO] - Generated run script: /workspace/vla-test/alpasim/tutorial/tutorial/run.sh
[2026-03-19 13:43:18,115][alpasim_wizard.deployment.docker_compose][INFO] - Docker Compose configuration generated in /workspace/vla-test/alpasim/tutorial/tutorial
[2026-03-19 13:43:18,115][alpasim_wizard.deployment.docker_compose][INFO] - Generated run script: /workspace/vla-test/alpasim/tutorial/tutorial/run.sh
[2026-03-19 13:43:18,150][alpasim_wizard.services][INFO] - Built 4 simulation containers
[2026-03-19 13:43:18,150][alpasim_wizard.services][INFO] - Built 0 evaluation containers
[2026-03-19 13:43:18,150][alpasim_wizard.services][INFO] - Built 0 aggregation containers
[2026-03-19 13:43:18,150][alpasim_wizard.configuration][INFO] - Generating all configurations...
[2026-03-19 13:43:18,338][root][INFO] - Validating saved wizard config against schema...
[2026-03-19 13:43:19,173][alpasim_wizard.utils][INFO] - Validated saved config at /workspace/vla-test/alpasim/tutorial/tutorial/wizard-config-loadable.yaml against schema successfully.
[2026-03-19 13:43:19,174][alpasim_wizard.configuration][INFO] - Generated 6 configuration files
[2026-03-19 13:43:19,174][alpasim_wizard.deployment.docker_compose][INFO] - Executing docker compose run script: /workspace/vla-test/alpasim/tutorial/tutorial/run.sh
[2026-03-19 13:43:47,906][alpasim_wizard.deployment.docker_compose][INFO] - Docker Compose deployment completed successfully
[2026-03-19 13:43:47,906][alpasim_wizard][INFO] - Alpasim finished
